Archive member included to satisfy reference by file (symbol)

d:/programming suites/ac6/plugins/fr.ac6.mcu.externaltools.arm-none.win32_1.16.0.201807130628/tools/compiler/bin/../lib/gcc/arm-none-eabi/7.2.1/thumb/v6-m\libgcc.a(_udivsi3.o)
                              StdPeriph_Driver/src/stm32f0xx_rcc.o (__aeabi_uidiv)
d:/programming suites/ac6/plugins/fr.ac6.mcu.externaltools.arm-none.win32_1.16.0.201807130628/tools/compiler/bin/../lib/gcc/arm-none-eabi/7.2.1/thumb/v6-m\libgcc.a(_dvmd_tls.o)
                              d:/programming suites/ac6/plugins/fr.ac6.mcu.externaltools.arm-none.win32_1.16.0.201807130628/tools/compiler/bin/../lib/gcc/arm-none-eabi/7.2.1/thumb/v6-m\libgcc.a(_udivsi3.o) (__aeabi_idiv0)
d:/programming suites/ac6/plugins/fr.ac6.mcu.externaltools.arm-none.win32_1.16.0.201807130628/tools/compiler/bin/../lib/gcc/arm-none-eabi/7.2.1/thumb/v6-m\libgcc.a(_fixunsdfsi.o)
                              src/main.o (__aeabi_d2uiz)
d:/programming suites/ac6/plugins/fr.ac6.mcu.externaltools.arm-none.win32_1.16.0.201807130628/tools/compiler/bin/../lib/gcc/arm-none-eabi/7.2.1/thumb/v6-m\libgcc.a(divdf3.o)
                              src/main.o (__aeabi_ddiv)
d:/programming suites/ac6/plugins/fr.ac6.mcu.externaltools.arm-none.win32_1.16.0.201807130628/tools/compiler/bin/../lib/gcc/arm-none-eabi/7.2.1/thumb/v6-m\libgcc.a(muldf3.o)
                              src/main.o (__aeabi_dmul)
d:/programming suites/ac6/plugins/fr.ac6.mcu.externaltools.arm-none.win32_1.16.0.201807130628/tools/compiler/bin/../lib/gcc/arm-none-eabi/7.2.1/thumb/v6-m\libgcc.a(subdf3.o)
                              d:/programming suites/ac6/plugins/fr.ac6.mcu.externaltools.arm-none.win32_1.16.0.201807130628/tools/compiler/bin/../lib/gcc/arm-none-eabi/7.2.1/thumb/v6-m\libgcc.a(_fixunsdfsi.o) (__aeabi_dsub)
d:/programming suites/ac6/plugins/fr.ac6.mcu.externaltools.arm-none.win32_1.16.0.201807130628/tools/compiler/bin/../lib/gcc/arm-none-eabi/7.2.1/thumb/v6-m\libgcc.a(fixdfsi.o)
                              d:/programming suites/ac6/plugins/fr.ac6.mcu.externaltools.arm-none.win32_1.16.0.201807130628/tools/compiler/bin/../lib/gcc/arm-none-eabi/7.2.1/thumb/v6-m\libgcc.a(_fixunsdfsi.o) (__aeabi_d2iz)
d:/programming suites/ac6/plugins/fr.ac6.mcu.externaltools.arm-none.win32_1.16.0.201807130628/tools/compiler/bin/../lib/gcc/arm-none-eabi/7.2.1/thumb/v6-m\libgcc.a(floatsidf.o)
                              src/main.o (__aeabi_i2d)
d:/programming suites/ac6/plugins/fr.ac6.mcu.externaltools.arm-none.win32_1.16.0.201807130628/tools/compiler/bin/../lib/gcc/arm-none-eabi/7.2.1/thumb/v6-m\libgcc.a(_arm_cmpdf2.o)
                              d:/programming suites/ac6/plugins/fr.ac6.mcu.externaltools.arm-none.win32_1.16.0.201807130628/tools/compiler/bin/../lib/gcc/arm-none-eabi/7.2.1/thumb/v6-m\libgcc.a(_fixunsdfsi.o) (__aeabi_dcmpge)
d:/programming suites/ac6/plugins/fr.ac6.mcu.externaltools.arm-none.win32_1.16.0.201807130628/tools/compiler/bin/../lib/gcc/arm-none-eabi/7.2.1/thumb/v6-m\libgcc.a(_clzsi2.o)
                              d:/programming suites/ac6/plugins/fr.ac6.mcu.externaltools.arm-none.win32_1.16.0.201807130628/tools/compiler/bin/../lib/gcc/arm-none-eabi/7.2.1/thumb/v6-m\libgcc.a(divdf3.o) (__clzsi2)
d:/programming suites/ac6/plugins/fr.ac6.mcu.externaltools.arm-none.win32_1.16.0.201807130628/tools/compiler/bin/../lib/gcc/arm-none-eabi/7.2.1/thumb/v6-m\libgcc.a(eqdf2.o)
                              d:/programming suites/ac6/plugins/fr.ac6.mcu.externaltools.arm-none.win32_1.16.0.201807130628/tools/compiler/bin/../lib/gcc/arm-none-eabi/7.2.1/thumb/v6-m\libgcc.a(_arm_cmpdf2.o) (__eqdf2)
d:/programming suites/ac6/plugins/fr.ac6.mcu.externaltools.arm-none.win32_1.16.0.201807130628/tools/compiler/bin/../lib/gcc/arm-none-eabi/7.2.1/thumb/v6-m\libgcc.a(gedf2.o)
                              d:/programming suites/ac6/plugins/fr.ac6.mcu.externaltools.arm-none.win32_1.16.0.201807130628/tools/compiler/bin/../lib/gcc/arm-none-eabi/7.2.1/thumb/v6-m\libgcc.a(_arm_cmpdf2.o) (__gedf2)
d:/programming suites/ac6/plugins/fr.ac6.mcu.externaltools.arm-none.win32_1.16.0.201807130628/tools/compiler/bin/../lib/gcc/arm-none-eabi/7.2.1/thumb/v6-m\libgcc.a(ledf2.o)
                              d:/programming suites/ac6/plugins/fr.ac6.mcu.externaltools.arm-none.win32_1.16.0.201807130628/tools/compiler/bin/../lib/gcc/arm-none-eabi/7.2.1/thumb/v6-m\libgcc.a(_arm_cmpdf2.o) (__ledf2)
d:/programming suites/ac6/plugins/fr.ac6.mcu.externaltools.arm-none.win32_1.16.0.201807130628/tools/compiler/bin/../lib/gcc/arm-none-eabi/7.2.1/../../../../arm-none-eabi/lib/thumb/v6-m\libc.a(lib_a-errno.o)
                              src/syscalls.o (__errno)
d:/programming suites/ac6/plugins/fr.ac6.mcu.externaltools.arm-none.win32_1.16.0.201807130628/tools/compiler/bin/../lib/gcc/arm-none-eabi/7.2.1/../../../../arm-none-eabi/lib/thumb/v6-m\libc.a(lib_a-exit.o)
[...]
Memory Configuration

Name             Origin             Length             Attributes
FLASH            0x08000000         0x00010000         xr
RAM              0x20000000         0x00002000         xrw
*default*        0x00000000         0xffffffff

Linker script and memory map

LOAD d:/programming suites/ac6/plugins/fr.ac6.mcu.externaltools.arm-none.win32_1.16.0.201807130628/tools/compiler/bin/../lib/gcc/arm-none-eabi/7.2.1/thumb/v6-m/crti.o
LOAD d:/programming suites/ac6/plugins/fr.ac6.mcu.externaltools.arm-none.win32_1.16.0.201807130628/tools/compiler/bin/../lib/gcc/arm-none-eabi/7.2.1/thumb/v6-m/crtbegin.o
LOAD d:/programming suites/ac6/plugins/fr.ac6.mcu.externaltools.arm-none.win32_1.16.0.201807130628/tools/compiler/bin/../lib/gcc/arm-none-eabi/7.2.1/../../../../arm-none-eabi/lib/thumb/v6-m/crt0.o
LOAD StdPeriph_Driver/src/stm32f0xx_adc.o
LOAD StdPeriph_Driver/src/stm32f0xx_cec.o
LOAD StdPeriph_Driver/src/stm32f0xx_comp.o
LOAD StdPeriph_Driver/src/stm32f0xx_crc.o
LOAD StdPeriph_Driver/src/stm32f0xx_dac.o
LOAD StdPeriph_Driver/src/stm32f0xx_dbgmcu.o
LOAD StdPeriph_Driver/src/stm32f0xx_dma.o
LOAD StdPeriph_Driver/src/stm32f0xx_exti.o
LOAD StdPeriph_Driver/src/stm32f0xx_flash.o
LOAD StdPeriph_Driver/src/stm32f0xx_gpio.o
LOAD StdPeriph_Driver/src/stm32f0xx_i2c.o
LOAD StdPeriph_Driver/src/stm32f0xx_iwdg.o
LOAD StdPeriph_Driver/src/stm32f0xx_misc.o
LOAD StdPeriph_Driver/src/stm32f0xx_pwr.o
LOAD StdPeriph_Driver/src/stm32f0xx_rcc.o
LOAD StdPeriph_Driver/src/stm32f0xx_rtc.o
LOAD StdPeriph_Driver/src/stm32f0xx_spi.o
LOAD StdPeriph_Driver/src/stm32f0xx_syscfg.o
LOAD StdPeriph_Driver/src/stm32f0xx_tim.o
LOAD StdPeriph_Driver/src/stm32f0xx_usart.o
LOAD StdPeriph_Driver/src/stm32f0xx_wwdg.o
LOAD Utilities/stm32f0_discovery.o
LOAD src/main.o
LOAD src/syscalls.o
LOAD src/system_stm32f0xx.o
LOAD startup/startup_stm32f0xx.o
LOAD d:/programming suites/ac6/plugins/fr.ac6.mcu.externaltools.arm-none.win32_1.16.0.201807130628/tools/compiler/bin/../lib/gcc/arm-none-eabi/7.2.1/../../../../arm-none-eabi/lib/thumb/v6-m\libstdc++.a
LOAD d:/programming suites/ac6/plugins/fr.ac6.mcu.externaltools.arm-none.win32_1.16.0.201807130628/tools/compiler/bin/../lib/gcc/arm-none-eabi/7.2.1/../../../../arm-none-eabi/lib/thumb/v6-m\libm.a
START GROUP
LOAD d:/programming suites/ac6/plugins/fr.ac6.mcu.externaltools.arm-none.win32_1.16.0.201807130628/tools/compiler/bin/../lib/gcc/arm-none-eabi/7.2.1/thumb/v6-m\libgcc.a
LOAD d:/programming suites/ac6/plugins/fr.ac6.mcu.externaltools.arm-none.win32_1.16.0.201807130628/tools/compiler/bin/../lib/gcc/arm-none-eabi/7.2.1/../../../../arm-none-eabi/lib/thumb/v6-m\libc.a
END GROUP
LOAD d:/programming suites/ac6/plugins/fr.ac6.mcu.externaltools.arm-none.win32_1.16.0.201807130628/tools/compiler/bin/../lib/gcc/arm-none-eabi/7.2.1/thumb/v6-m/crtend.o
LOAD d:/programming suites/ac6/plugins/fr.ac6.mcu.externaltools.arm-none.win32_1.16.0.201807130628/tools/compiler/bin/../lib/gcc/arm-none-eabi/7.2.1/thumb/v6-m/crtn.o
                0x20002000                _estack = 0x20002000
                0x00000000                _Min_Heap_Size = 0x0
                0x00000080                _Min_Stack_Size = 0x80

.isr_vector     0x08000000       0xc4
                0x08000000                . = ALIGN (0x4)
 *(.isr_vector)
 .isr_vector    0x08000000       0xc4 startup/startup_stm32f0xx.o
                0x08000000                g_pfnVectors
                0x080000c4                . = ALIGN (0x4)

.text           0x080000c4     0x2a6c
                0x080000c4                . = ALIGN (0x4)
 *(.text)
 .text          0x080000c4       0x48 d:/programming suites/ac6/plugins/fr.ac6.mcu.externaltools.arm-none.win32_1.16.0.201807130628/tools/compiler/bin/../lib/gcc/arm-none-eabi/7.2.1/thumb/v6-m/crtbegin.o
 .text          0x0800010c      0x114 d:/programming suites/ac6/plugins/fr.ac6.mcu.externaltools.arm-none.win32_1.16.0.201807130628/tools/compiler/bin/../lib/gcc/arm-none-eabi/7.2.1/thumb/v6-m\libgcc.a(_udivsi3.o)
                0x0800010c                __aeabi_uidiv
                0x0800010c                __udivsi3
                0x08000218                __aeabi_uidivmod
 .text          0x08000220        0x4 d:/programming suites/ac6/plugins/fr.ac6.mcu.externaltools.arm-none.win32_1.16.0.201807130628/tools/compiler/bin/../lib/gcc/arm-none-eabi/7.2.1/thumb/v6-m\libgcc.a(_dvmd_tls.o)
                0x08000220                __aeabi_idiv0
                0x08000220                __aeabi_ldiv0
 .text          0x08000224       0x3c d:/programming suites/ac6/plugins/fr.ac6.mcu.externaltools.arm-none.win32_1.16.0.201807130628/tools/compiler/bin/../lib/gcc/arm-none-eabi/7.2.1/thumb/v6-m\libgcc.a(_fixunsdfsi.o)
                0x08000224                __aeabi_d2uiz
                0x08000224                __fixunsdfsi
 .text          0x08000260      0x604 d:/programming suites/ac6/plugins/fr.ac6.mcu.externaltools.arm-none.win32_1.16.0.201807130628/tools/compiler/bin/../lib/gcc/arm-none-eabi/7.2.1/thumb/v6-m\libgcc.a(divdf3.o)
                0x08000260                __aeabi_ddiv
 .text          0x08000864      0x4e4 d:/programming suites/ac6/plugins/fr.ac6.mcu.externaltools.arm-none.win32_1.16.0.201807130628/tools/compiler/bin/../lib/gcc/arm-none-eabi/7.2.1/thumb/v6-m\libgcc.a(muldf3.o)
                0x08000864                __aeabi_dmul
 .text          0x08000d48      0x690 d:/programming suites/ac6/plugins/fr.ac6.mcu.externaltools.arm-none.win32_1.16.0.201807130628/tools/compiler/bin/../lib/gcc/arm-none-eabi/7.2.1/thumb/v6-m\libgcc.a(subdf3.o)
                0x08000d48                __aeabi_dsub
 .text          0x080013d8       0x6c d:/programming suites/ac6/plugins/fr.ac6.mcu.externaltools.arm-none.win32_1.16.0.201807130628/tools/compiler/bin/../lib/gcc/arm-none-eabi/7.2.1/thumb/v6-m\libgcc.a(fixdfsi.o)
                0x080013d8                __aeabi_d2iz
 .text          0x08001444       0x74 d:/programming suites/ac6/plugins/fr.ac6.mcu.externaltools.arm-none.win32_1.16.0.201807130628/tools/compiler/bin/../lib/gcc/arm-none-eabi/7.2.1/thumb/v6-m\libgcc.a(floatsidf.o)
                0x08001444                __aeabi_i2d
 .text          0x080014b8       0x7c d:/programming suites/ac6/plugins/fr.ac6.mcu.externaltools.arm-none.win32_1.16.0.201807130628/tools/compiler/bin/../lib/gcc/arm-none-eabi/7.2.1/thumb/v6-m\libgcc.a(_arm_cmpdf2.o)
                0x080014b8                __aeabi_cdrcmple
                0x080014c8                __aeabi_cdcmple
                0x080014c8                __aeabi_cdcmpeq
                0x080014d8                __aeabi_dcmpeq
                0x080014e4                __aeabi_dcmplt
                0x080014f8                __aeabi_dcmple
                0x0800150c                __aeabi_dcmpgt
                0x08001520                __aeabi_dcmpge
 .text          0x08001534       0x3c d:/programming suites/ac6/plugins/fr.ac6.mcu.externaltools.arm-none.win32_1.16.0.201807130628/tools/compiler/bin/../lib/gcc/arm-none-eabi/7.2.1/thumb/v6-m\libgcc.a(_clzsi2.o)
                0x08001534                __clzsi2
 .text          0x08001570       0x78 d:/programming suites/ac6/plugins/fr.ac6.mcu.externaltools.arm-none.win32_1.16.0.201807130628/tools/compiler/bin/../lib/gcc/arm-none-eabi/7.2.1/thumb/v6-m\libgcc.a(eqdf2.o)
                0x08001570                __nedf2
                0x08001570                __eqdf2
 .text          0x080015e8       0xc8 d:/programming suites/ac6/plugins/fr.ac6.mcu.externaltools.arm-none.win32_1.16.0.201807130628/tools/compiler/bin/../lib/gcc/arm-none-eabi/7.2.1/thumb/v6-m\libgcc.a(gedf2.o)
                0x080015e8                __gedf2
                0x080015e8                __gtdf2
 .text          0x080016b0       0xd0 d:/programming suites/ac6/plugins/fr.ac6.mcu.externaltools.arm-none.win32_1.16.0.201807130628/tools/compiler/bin/../lib/gcc/arm-none-eabi/7.2.1/thumb/v6-m\libgcc.a(ledf2.o)
                0x080016b0                __ledf2
                0x080016b0                __ltdf2
 *(.text*)
 .text.GPIO_Init
                0x08001780      0x126 StdPeriph_Driver/src/stm32f0xx_gpio.o
                0x08001780                GPIO_Init
 .text.GPIO_ReadInputDataBit
                0x080018a6       0x48 StdPeriph_Driver/src/stm32f0xx_gpio.o
                0x080018a6                GPIO_ReadInputDataBit
 .text.GPIO_SetBits
                0x080018ee       0x1e StdPeriph_Driver/src/stm32f0xx_gpio.o
                0x080018ee                GPIO_SetBits
 .text.GPIO_ResetBits
                0x0800190c       0x1e StdPeriph_Driver/src/stm32f0xx_gpio.o
                0x0800190c                GPIO_ResetBits
 .text.GPIO_PinAFConfig
                0x0800192a       0xa4 StdPeriph_Driver/src/stm32f0xx_gpio.o
                0x0800192a                GPIO_PinAFConfig
 *fill*         0x080019ce        0x2 
 .text.RCC_GetClocksFreq
                0x080019d0      0x1e8 StdPeriph_Driver/src/stm32f0xx_rcc.o
                0x080019d0                RCC_GetClocksFreq
 .text.USART_Init
                0x08001bb8      0x180 StdPeriph_Driver/src/stm32f0xx_usart.o
                0x08001bb8                USART_Init
 .text.USART_Cmd
                0x08001d38       0x3a StdPeriph_Driver/src/stm32f0xx_usart.o
                0x08001d38                USART_Cmd
 .text.USART_ReceiveData
                0x08001d72       0x1c StdPeriph_Driver/src/stm32f0xx_usart.o
                0x08001d72                USART_ReceiveData
 .text.USART_ITConfig
                0x08001d8e       0x84 StdPeriph_Driver/src/stm32f0xx_usart.o
                0x08001d8e                USART_ITConfig
 *fill*         0x08001e12        0x2 
 .text.NVIC_EnableIRQ
                0x08001e14       0x2c src/main.o
 .text.NVIC_DisableIRQ
                0x08001e40       0x30 src/main.o
 .text.NVIC_SetPriority
                0x08001e70       0xdc src/main.o
 .text.main     0x08001f4c       0x3c src/main.o
                0x08001f4c                main
 .text.TIM2_IRQHandler
                0x08001f88      0x158 src/main.o
                0x08001f88                TIM2_IRQHandler
 .text.USART1_IRQHandler
                0x080020e0      0x108 src/main.o
                0x080020e0                USART1_IRQHandler
 .text.TIM14_IRQHandler
                0x080021e8       0xa4 src/main.o
                0x080021e8                TIM14_IRQHandler
 .text.TIM15_IRQHandler
                0x0800228c      0x224 src/main.o
                0x0800228c                TIM15_IRQHandler
 .text.ADCInit  0x080024b0       0xc8 src/main.o
 .text.USART1Init
                0x08002578       0xd8 src/main.o
 .text.SystemInit
                0x08002650       0x8c src/system_stm32f0xx.o
                0x08002650                SystemInit
 .text.SetSysClock
                0x080026dc       0x94 src/system_stm32f0xx.o
 .text.Reset_Handler
                0x08002770       0x50 startup/startup_stm32f0xx.o
                0x08002770                Reset_Handler
 .text.Default_Handler
                0x080027c0        0x2 startup/startup_stm32f0xx.o
                0x080027c0                TIM1_CC_IRQHandler
                0x080027c0                HardFault_Handler
                0x080027c0                ADC1_COMP_IRQHandler
                0x080027c0                SysTick_Handler
                0x080027c0                PVD_IRQHandler
                0x080027c0                PendSV_Handler
                0x080027c0                NMI_Handler
                0x080027c0                I2C1_IRQHandler
                0x080027c0                SPI1_IRQHandler
                0x080027c0                TIM6_DAC_IRQHandler
                0x080027c0                EXTI2_3_IRQHandler
                0x080027c0                I2C2_IRQHandler
                0x080027c0                TIM17_IRQHandler
                0x080027c0                RTC_IRQHandler
                0x080027c0                TIM16_IRQHandler
                0x080027c0                TIM3_IRQHandler
                0x080027c0                EXTI4_15_IRQHandler
                0x080027c0                RCC_IRQHandler
                0x080027c0                DMA1_Channel1_IRQHandler
                0x080027c0                Default_Handler
                0x080027c0                CEC_IRQHandler
                0x080027c0                DMA1_Channel4_5_IRQHandler
                0x080027c0                EXTI0_1_IRQHandler
                0x080027c0                SPI2_IRQHandler
                0x080027c0                SVC_Handler
                0x080027c0                TS_IRQHandler
                0x080027c0                WWDG_IRQHandler
                0x080027c0                DMA1_Channel2_3_IRQHandler
                0x080027c0                USART2_IRQHandler
                0x080027c0                FLASH_IRQHandler
                0x080027c0                TIM1_BRK_UP_TRG_COM_IRQHandler
 *fill*         0x080027c2        0x2 
 .text.__libc_init_array
                0x080027c4       0x48 d:/programming suites/ac6/plugins/fr.ac6.mcu.externaltools.arm-none.win32_1.16.0.201807130628/tools/compiler/bin/../lib/gcc/arm-none-eabi/7.2.1/../../../../arm-none-eabi/lib/thumb/v6-m\libc.a(lib_a-init.o)
                0x080027c4                __libc_init_array
 .text.memcpy   0x0800280c       0x88 d:/programming suites/ac6/plugins/fr.ac6.mcu.externaltools.arm-none.win32_1.16.0.201807130628/tools/compiler/bin/../lib/gcc/arm-none-eabi/7.2.1/../../../../arm-none-eabi/lib/thumb/v6-m\libc.a(lib_a-memcpy-stub.o)
                0x0800280c                memcpy
 .text.memset   0x08002894       0x9c d:/programming suites/ac6/plugins/fr.ac6.mcu.externaltools.arm-none.win32_1.16.0.201807130628/tools/compiler/bin/../lib/gcc/arm-none-eabi/7.2.1/../../../../arm-none-eabi/lib/thumb/v6-m\libc.a(lib_a-memset.o)
                0x08002894                memset
 .text.startup.register_fini
                0x08002930       0x18 d:/programming suites/ac6/plugins/fr.ac6.mcu.externaltools.arm-none.win32_1.16.0.201807130628/tools/compiler/bin/../lib/gcc/arm-none-eabi/7.2.1/../../../../arm-none-eabi/lib/thumb/v6-m\libc.a(lib_a-__call_atexit.o)
 .text.atexit   0x08002948       0x10 d:/programming suites/ac6/plugins/fr.ac6.mcu.externaltools.arm-none.win32_1.16.0.201807130628/tools/compiler/bin/../lib/gcc/arm-none-eabi/7.2.1/../../../../arm-none-eabi/lib/thumb/v6-m\libc.a(lib_a-atexit.o)
                0x08002948                atexit
 .text.__libc_fini_array
                0x08002958       0x34 d:/programming suites/ac6/plugins/fr.ac6.mcu.externaltools.arm-none.win32_1.16.0.201807130628/tools/compiler/bin/../lib/gcc/arm-none-eabi/7.2.1/../../../../arm-none-eabi/lib/thumb/v6-m\libc.a(lib_a-fini.o)
                0x08002958                __libc_fini_array
 .text.__retarget_lock_acquire_recursive
                0x0800298c        0x4 d:/programming suites/ac6/plugins/fr.ac6.mcu.externaltools.arm-none.win32_1.16.0.201807130628/tools/compiler/bin/../lib/gcc/arm-none-eabi/7.2.1/../../../../arm-none-eabi/lib/thumb/v6-m\libc.a(lib_a-lock.o)
                0x0800298c                __retarget_lock_acquire_recursive
 .text.__retarget_lock_release_recursive
                0x08002990        0x4 d:/programming suites/ac6/plugins/fr.ac6.mcu.externaltools.arm-none.win32_1.16.0.201807130628/tools/compiler/bin/../lib/gcc/arm-none-eabi/7.2.1/../../../../arm-none-eabi/lib/thumb/v6-m\libc.a(lib_a-lock.o)
                0x08002990                __retarget_lock_release_recursive
 .text.__register_exitproc
                0x08002994       0xf4 d:/programming suites/ac6/plugins/fr.ac6.mcu.externaltools.arm-none.win32_1.16.0.201807130628/tools/compiler/bin/../lib/gcc/arm-none-eabi/7.2.1/../../../../arm-none-eabi/lib/thumb/v6-m\libc.a(lib_a-__atexit.o)
                0x08002994                __register_exitproc
 *(.rodata)
 .rodata        0x08002a88        0xa src/main.o
 *fill*         0x08002a92        0x2 
 .rodata        0x08002a94       0x40 d:/programming suites/ac6/plugins/fr.ac6.mcu.externaltools.arm-none.win32_1.16.0.201807130628/tools/compiler/bin/../lib/gcc/arm-none-eabi/7.2.1/thumb/v6-m\libgcc.a(divdf3.o)
 .rodata        0x08002ad4       0x40 d:/programming suites/ac6/plugins/fr.ac6.mcu.externaltools.arm-none.win32_1.16.0.201807130628/tools/compiler/bin/../lib/gcc/arm-none-eabi/7.2.1/thumb/v6-m\libgcc.a(muldf3.o)
 *(.rodata*)
 .rodata._global_impure_ptr
                0x08002b14        0x4 d:/programming suites/ac6/plugins/fr.ac6.mcu.externaltools.arm-none.win32_1.16.0.201807130628/tools/compiler/bin/../lib/gcc/arm-none-eabi/7.2.1/../../../../arm-none-eabi/lib/thumb/v6-m\libc.a(lib_a-impure.o)
                0x08002b14                _global_impure_ptr
 *(.glue_7)
 .glue_7        0x08002b18        0x0 linker stubs
 *(.glue_7t)
 .glue_7t       0x08002b18        0x0 linker stubs
 *(.eh_frame)
 .eh_frame      0x08002b18        0x0 d:/programming suites/ac6/plugins/fr.ac6.mcu.externaltools.arm-none.win32_1.16.0.201807130628/tools/compiler/bin/../lib/gcc/arm-none-eabi/7.2.1/thumb/v6-m/crtbegin.o
 *(.init)
 .init          0x08002b18        0x4 d:/programming suites/ac6/plugins/fr.ac6.mcu.externaltools.arm-none.win32_1.16.0.201807130628/tools/compiler/bin/../lib/gcc/arm-none-eabi/7.2.1/thumb/v6-m/crti.o
                0x08002b18                _init
 .init          0x08002b1c        0x8 d:/programming suites/ac6/plugins/fr.ac6.mcu.externaltools.arm-none.win32_1.16.0.201807130628/tools/compiler/bin/../lib/gcc/arm-none-eabi/7.2.1/thumb/v6-m/crtn.o
 *(.fini)
 .fini          0x08002b24        0x4 d:/programming suites/ac6/plugins/fr.ac6.mcu.externaltools.arm-none.win32_1.16.0.201807130628/tools/compiler/bin/../lib/gcc/arm-none-eabi/7.2.1/thumb/v6-m/crti.o
                0x08002b24                _fini
 .fini          0x08002b28        0x8 d:/programming suites/ac6/plugins/fr.ac6.mcu.externaltools.arm-none.win32_1.16.0.201807130628/tools/compiler/bin/../lib/gcc/arm-none-eabi/7.2.1/thumb/v6-m/crtn.o
                0x08002b30                . = ALIGN (0x4)
                0x08002b30                _etext = .

.vfp11_veneer   0x08002b30        0x0
 .vfp11_veneer  0x08002b30        0x0 linker stubs

.v4_bx          0x08002b30        0x0
 .v4_bx         0x08002b30        0x0 linker stubs

.iplt           0x08002b30        0x0
 .iplt          0x08002b30        0x0 d:/programming suites/ac6/plugins/fr.ac6.mcu.externaltools.arm-none.win32_1.16.0.201807130628/tools/compiler/bin/../lib/gcc/arm-none-eabi/7.2.1/thumb/v6-m/crtbegin.o

.rel.dyn        0x08002b30        0x0
 .rel.iplt      0x08002b30        0x0 d:/programming suites/ac6/plugins/fr.ac6.mcu.externaltools.arm-none.win32_1.16.0.201807130628/tools/compiler/bin/../lib/gcc/arm-none-eabi/7.2.1/thumb/v6-m/crtbegin.o

.ARM.extab
 *(.ARM.extab* .gnu.linkonce.armextab.*)

.ARM            0x08002b30        0x0
                0x08002b30                __exidx_start = .
 *(.ARM.exidx*)
                0x08002b30                __exidx_end = .

.preinit_array  0x08002b30        0x0
                0x08002b30                PROVIDE (__preinit_array_start, .)
 *(.preinit_array*)
                0x08002b30                PROVIDE (__preinit_array_end, .)

.init_array     0x08002b30        0x8
                0x08002b30                PROVIDE (__init_array_start, .)
 *(SORT_BY_NAME(.init_array.*))
 .init_array.00000
                0x08002b30        0x4 d:/programming suites/ac6/plugins/fr.ac6.mcu.externaltools.arm-none.win32_1.16.0.201807130628/tools/compiler/bin/../lib/gcc/arm-none-eabi/7.2.1/../../../../arm-none-eabi/lib/thumb/v6-m\libc.a(lib_a-__call_atexit.o)
 *(.init_array*)
 .init_array    0x08002b34        0x4 d:/programming suites/ac6/plugins/fr.ac6.mcu.externaltools.arm-none.win32_1.16.0.201807130628/tools/compiler/bin/../lib/gcc/arm-none-eabi/7.2.1/thumb/v6-m/crtbegin.o
                0x08002b38                PROVIDE (__init_array_end, .)

.fini_array     0x08002b38        0x4
                0x08002b38                PROVIDE (__fini_array_start, .)
 *(SORT_BY_NAME(.fini_array.*))
 *(.fini_array*)
 .fini_array    0x08002b38        0x4 d:/programming suites/ac6/plugins/fr.ac6.mcu.externaltools.arm-none.win32_1.16.0.201807130628/tools/compiler/bin/../lib/gcc/arm-none-eabi/7.2.1/thumb/v6-m/crtbegin.o
                0x08002b3c                PROVIDE (__fini_array_end, .)
                0x08002b3c                _sidata = LOADADDR (.data)

.data           0x20000000      0x444 load address 0x08002b3c
                0x20000000                . = ALIGN (0x4)
                0x20000000                _sdata = .
 *(.data)
 .data          0x20000000       0x10 StdPeriph_Driver/src/stm32f0xx_rcc.o
 .data          0x20000010        0x4 src/main.o
                0x20000010                prev_adc0_state
                0x20000011                prev_adc1_state
                0x20000012                adc0_state
                0x20000013                adc1_state
 *(.data*)
 *fill*         0x20000014        0x4 
 .data.impure_data
                0x20000018      0x428 d:/programming suites/ac6/plugins/fr.ac6.mcu.externaltools.arm-none.win32_1.16.0.201807130628/tools/compiler/bin/../lib/gcc/arm-none-eabi/7.2.1/../../../../arm-none-eabi/lib/thumb/v6-m\libc.a(lib_a-impure.o)
 .data.__atexit_recursive_mutex
                0x20000440        0x4 d:/programming suites/ac6/plugins/fr.ac6.mcu.externaltools.arm-none.win32_1.16.0.201807130628/tools/compiler/bin/../lib/gcc/arm-none-eabi/7.2.1/../../../../arm-none-eabi/lib/thumb/v6-m\libc.a(lib_a-__call_atexit.o)
                0x20000440                __atexit_recursive_mutex
                0x20000444                . = ALIGN (0x4)
                0x20000444                _edata = .

.igot.plt       0x20000444        0x0 load address 0x08002f80
 .igot.plt      0x20000444        0x0 d:/programming suites/ac6/plugins/fr.ac6.mcu.externaltools.arm-none.win32_1.16.0.201807130628/tools/compiler/bin/../lib/gcc/arm-none-eabi/7.2.1/thumb/v6-m/crtbegin.o
                0x20000444                . = ALIGN (0x4)

.bss            0x20000444      0xe20 load address 0x08002f80
                0x20000444                _sbss = .
                0x20000444                __bss_start__ = _sbss
 *(.bss)
 .bss           0x20000444       0x1c d:/programming suites/ac6/plugins/fr.ac6.mcu.externaltools.arm-none.win32_1.16.0.201807130628/tools/compiler/bin/../lib/gcc/arm-none-eabi/7.2.1/thumb/v6-m/crtbegin.o
 .bss           0x20000460      0xdde src/main.o
 *(.bss*)
 *(COMMON)
 *fill*         0x2000123e        0x2 
 COMMON         0x20001240       0x21 d:/programming suites/ac6/plugins/fr.ac6.mcu.externaltools.arm-none.win32_1.16.0.201807130628/tools/compiler/bin/../lib/gcc/arm-none-eabi/7.2.1/../../../../arm-none-eabi/lib/thumb/v6-m\libc.a(lib_a-lock.o)
                0x20001240                __lock___atexit_recursive_mutex
                0x20001244                __lock___arc4random_mutex
                0x20001248                __lock___env_recursive_mutex
                0x2000124c                __lock___sinit_recursive_mutex
                0x20001250                __lock___malloc_recursive_mutex
                0x20001254                __lock___at_quick_exit_mutex
                0x20001258                __lock___dd_hash_mutex
                0x2000125c                __lock___tz_mutex
                0x20001260                __lock___sfp_recursive_mutex
                0x20001264                . = ALIGN (0x4)
 *fill*         0x20001261        0x3 
                0x20001264                _ebss = .
                0x20001264                __bss_end__ = _ebss

._user_heap_stack
                0x20001264       0x84 load address 0x08002f80
                0x20001268                . = ALIGN (0x8)
 *fill*         0x20001264        0x4 
                0x20001268                PROVIDE (end, .)
                [!provide]                PROVIDE (_end, .)
                0x20001268                . = (. + _Min_Heap_Size)
                0x200012e8                . = (. + _Min_Stack_Size)
 *fill*         0x20001268       0x80 
                0x200012e8                . = ALIGN (0x8)

.ARM.attributes
                0x00000000       0x28
 *(.ARM.attributes)
 .ARM.attributes
                0x00000000       0x1e d:/programming suites/ac6/plugins/fr.ac6.mcu.externaltools.arm-none.win32_1.16.0.201807130628/tools/compiler/bin/../lib/gcc/arm-none-eabi/7.2.1/thumb/v6-m/crti.o
 .ARM.attributes
                0x0000001e       0x2c d:/programming suites/ac6/plugins/fr.ac6.mcu.externaltools.arm-none.win32_1.16.0.201807130628/tools/compiler/bin/../lib/gcc/arm-none-eabi/7.2.1/thumb/v6-m/crtbegin.o
 .ARM.attributes
                0x0000004a       0x31 StdPeriph_Driver/src/stm32f0xx_gpio.o
 .ARM.attributes
                0x0000007b       0x31 StdPeriph_Driver/src/stm32f0xx_rcc.o
 .ARM.attributes
                0x000000ac       0x31 StdPeriph_Driver/src/stm32f0xx_usart.o
 .ARM.attributes
                0x000000dd       0x31 src/main.o
 .ARM.attributes
                0x0000010e       0x31 src/system_stm32f0xx.o
 .ARM.attributes
                0x0000013f       0x21 startup/startup_stm32f0xx.o
 .ARM.attributes
                0x00000160       0x1e d:/programming suites/ac6/plugins/fr.ac6.mcu.externaltools.arm-none.win32_1.16.0.201807130628/tools/compiler/bin/../lib/gcc/arm-none-eabi/7.2.1/thumb/v6-m\libgcc.a(_udivsi3.o)
 .ARM.attributes
                0x0000017e       0x1e d:/programming suites/ac6/plugins/fr.ac6.mcu.externaltools.arm-none.win32_1.16.0.201807130628/tools/compiler/bin/../lib/gcc/arm-none-eabi/7.2.1/thumb/v6-m\libgcc.a(_dvmd_tls.o)
 .ARM.attributes
                0x0000019c       0x2c d:/programming suites/ac6/plugins/fr.ac6.mcu.externaltools.arm-none.win32_1.16.0.201807130628/tools/compiler/bin/../lib/gcc/arm-none-eabi/7.2.1/thumb/v6-m\libgcc.a(_fixunsdfsi.o)
 .ARM.attributes
                0x000001c8       0x2c d:/programming suites/ac6/plugins/fr.ac6.mcu.externaltools.arm-none.win32_1.16.0.201807130628/tools/compiler/bin/../lib/gcc/arm-none-eabi/7.2.1/thumb/v6-m\libgcc.a(divdf3.o)
 .ARM.attributes
                0x000001f4       0x2c d:/programming suites/ac6/plugins/fr.ac6.mcu.externaltools.arm-none.win32_1.16.0.201807130628/tools/compiler/bin/../lib/gcc/arm-none-eabi/7.2.1/thumb/v6-m\libgcc.a(muldf3.o)
 .ARM.attributes
                0x00000220       0x2c d:/programming suites/ac6/plugins/fr.ac6.mcu.externaltools.arm-none.win32_1.16.0.201807130628/tools/compiler/bin/../lib/gcc/arm-none-eabi/7.2.1/thumb/v6-m\libgcc.a(subdf3.o)
 .ARM.attributes
                0x0000024c       0x2c d:/programming suites/ac6/plugins/fr.ac6.mcu.externaltools.arm-none.win32_1.16.0.201807130628/tools/compiler/bin/../lib/gcc/arm-none-eabi/7.2.1/thumb/v6-m\libgcc.a(fixdfsi.o)
 .ARM.attributes
                0x00000278       0x2c d:/programming suites/ac6/plugins/fr.ac6.mcu.externaltools.arm-none.win32_1.16.0.201807130628/tools/compiler/bin/../lib/gcc/arm-none-eabi/7.2.1/thumb/v6-m\libgcc.a(floatsidf.o)
 .ARM.attributes
                0x000002a4       0x1e d:/programming suites/ac6/plugins/fr.ac6.mcu.externaltools.arm-none.win32_1.16.0.201807130628/tools/compiler/bin/../lib/gcc/arm-none-eabi/7.2.1/thumb/v6-m\libgcc.a(_arm_cmpdf2.o)
 .ARM.attributes
                0x000002c2       0x1e d:/programming suites/ac6/plugins/fr.ac6.mcu.externaltools.arm-none.win32_1.16.0.201807130628/tools/compiler/bin/../lib/gcc/arm-none-eabi/7.2.1/thumb/v6-m\libgcc.a(_clzsi2.o)
 .ARM.attributes
                0x000002e0       0x2c d:/programming suites/ac6/plugins/fr.ac6.mcu.externaltools.arm-none.win32_1.16.0.201807130628/tools/compiler/bin/../lib/gcc/arm-none-eabi/7.2.1/thumb/v6-m\libgcc.a(eqdf2.o)
 .ARM.attributes
                0x0000030c       0x2c d:/programming suites/ac6/plugins/fr.ac6.mcu.externaltools.arm-none.win32_1.16.0.201807130628/tools/compiler/bin/../lib/gcc/arm-none-eabi/7.2.1/thumb/v6-m\libgcc.a(gedf2.o)
 .ARM.attributes
                0x00000338       0x2c d:/programming suites/ac6/plugins/fr.ac6.mcu.externaltools.arm-none.win32_1.16.0.201807130628/tools/compiler/bin/../lib/gcc/arm-none-eabi/7.2.1/thumb/v6-m\libgcc.a(ledf2.o)
 .ARM.attributes
                0x00000364       0x2c d:/programming suites/ac6/plugins/fr.ac6.mcu.externaltools.arm-none.win32_1.16.0.201807130628/tools/compiler/bin/../lib/gcc/arm-none-eabi/7.2.1/../../../../arm-none-eabi/lib/thumb/v6-m\libc.a(lib_a-impure.o)
 .ARM.attributes
                0x00000390       0x2c d:/programming suites/ac6/plugins/fr.ac6.mcu.externaltools.arm-none.win32_1.16.0.201807130628/tools/compiler/bin/../lib/gcc/arm-none-eabi/7.2.1/../../../../arm-none-eabi/lib/thumb/v6-m\libc.a(lib_a-init.o)
 .ARM.attributes
                0x000003bc       0x2c d:/programming suites/ac6/plugins/fr.ac6.mcu.externaltools.arm-none.win32_1.16.0.201807130628/tools/compiler/bin/../lib/gcc/arm-none-eabi/7.2.1/../../../../arm-none-eabi/lib/thumb/v6-m\libc.a(lib_a-memcpy-stub.o)
 .ARM.attributes
                0x000003e8       0x2c d:/programming suites/ac6/plugins/fr.ac6.mcu.externaltools.arm-none.win32_1.16.0.201807130628/tools/compiler/bin/../lib/gcc/arm-none-eabi/7.2.1/../../../../arm-none-eabi/lib/thumb/v6-m\libc.a(lib_a-memset.o)
 .ARM.attributes
                0x00000414       0x2c d:/programming suites/ac6/plugins/fr.ac6.mcu.externaltools.arm-none.win32_1.16.0.201807130628/tools/compiler/bin/../lib/gcc/arm-none-eabi/7.2.1/../../../../arm-none-eabi/lib/thumb/v6-m\libc.a(lib_a-__call_atexit.o)
 .ARM.attributes
                0x00000440       0x2c d:/programming suites/ac6/plugins/fr.ac6.mcu.externaltools.arm-none.win32_1.16.0.201807130628/tools/compiler/bin/../lib/gcc/arm-none-eabi/7.2.1/../../../../arm-none-eabi/lib/thumb/v6-m\libc.a(lib_a-atexit.o)
 .ARM.attributes
                0x0000046c       0x2c d:/programming suites/ac6/plugins/fr.ac6.mcu.externaltools.arm-none.win32_1.16.0.201807130628/tools/compiler/bin/../lib/gcc/arm-none-eabi/7.2.1/../../../../arm-none-eabi/lib/thumb/v6-m\libc.a(lib_a-fini.o)
 .ARM.attributes
                0x00000498       0x2c d:/programming suites/ac6/plugins/fr.ac6.mcu.externaltools.arm-none.win32_1.16.0.201807130628/tools/compiler/bin/../lib/gcc/arm-none-eabi/7.2.1/../../../../arm-none-eabi/lib/thumb/v6-m\libc.a(lib_a-lock.o)
 .ARM.attributes
                0x000004c4       0x2c d:/programming suites/ac6/plugins/fr.ac6.mcu.externaltools.arm-none.win32_1.16.0.201807130628/tools/compiler/bin/../lib/gcc/arm-none-eabi/7.2.1/../../../../arm-none-eabi/lib/thumb/v6-m\libc.a(lib_a-__atexit.o)
 .ARM.attributes
                0x000004f0       0x1e d:/programming suites/ac6/plugins/fr.ac6.mcu.externaltools.arm-none.win32_1.16.0.201807130628/tools/compiler/bin/../lib/gcc/arm-none-eabi/7.2.1/thumb/v6-m/crtn.o
OUTPUT(SDMicro.elf elf32-littlearm)

.debug_info     0x00000000     0x36b3
 .debug_info    0x00000000      0x5f8 StdPeriph_Driver/src/stm32f0xx_gpio.o
 .debug_info    0x000005f8      0x9b8 StdPeriph_Driver/src/stm32f0xx_rcc.o
 .debug_info    0x00000fb0      0xe73 StdPeriph_Driver/src/stm32f0xx_usart.o
 .debug_info    0x00001e23     0x1599 src/main.o
 .debug_info    0x000033bc      0x2d5 src/system_stm32f0xx.o
 .debug_info    0x00003691       0x22 startup/startup_stm32f0xx.o

.debug_abbrev   0x00000000      0x956
 .debug_abbrev  0x00000000      0x18e StdPeriph_Driver/src/stm32f0xx_gpio.o
 .debug_abbrev  0x0000018e      0x206 StdPeriph_Driver/src/stm32f0xx_rcc.o
 .debug_abbrev  0x00000394      0x176 StdPeriph_Driver/src/stm32f0xx_usart.o
 .debug_abbrev  0x0000050a      0x302 src/main.o
 .debug_abbrev  0x0000080c      0x138 src/system_stm32f0xx.o
 .debug_abbrev  0x00000944       0x12 startup/startup_stm32f0xx.o

.debug_aranges  0x00000000      0x440
 .debug_aranges
                0x00000000       0x80 StdPeriph_Driver/src/stm32f0xx_gpio.o
 .debug_aranges
                0x00000080      0x150 StdPeriph_Driver/src/stm32f0xx_rcc.o
 .debug_aranges
                0x000001d0      0x1a8 StdPeriph_Driver/src/stm32f0xx_usart.o
 .debug_aranges
                0x00000378       0x70 src/main.o
 .debug_aranges
                0x000003e8       0x30 src/system_stm32f0xx.o
 .debug_aranges
                0x00000418       0x28 startup/startup_stm32f0xx.o

.debug_ranges   0x00000000      0x400
 .debug_ranges  0x00000000       0x70 StdPeriph_Driver/src/stm32f0xx_gpio.o
 .debug_ranges  0x00000070      0x140 StdPeriph_Driver/src/stm32f0xx_rcc.o
 .debug_ranges  0x000001b0      0x198 StdPeriph_Driver/src/stm32f0xx_usart.o
 .debug_ranges  0x00000348       0x78 src/main.o
 .debug_ranges  0x000003c0       0x20 src/system_stm32f0xx.o
 .debug_ranges  0x000003e0       0x20 startup/startup_stm32f0xx.o

.debug_macro    0x00000000     0x1f45
 .debug_macro   0x00000000      0x17c StdPeriph_Driver/src/stm32f0xx_gpio.o
 .debug_macro   0x0000017c      0x17f StdPeriph_Driver/src/stm32f0xx_gpio.o
 .debug_macro   0x000002fb      0x196 StdPeriph_Driver/src/stm32f0xx_rcc.o
 .debug_macro   0x00000491      0x446 StdPeriph_Driver/src/stm32f0xx_rcc.o
 .debug_macro   0x000008d7      0x194 StdPeriph_Driver/src/stm32f0xx_usart.o
 .debug_macro   0x00000a6b      0x347 StdPeriph_Driver/src/stm32f0xx_usart.o
 .debug_macro   0x00000db2      0x31b src/main.o
 .debug_macro   0x000010cd       0x64 src/main.o
 .debug_macro   0x00001131       0x58 src/main.o
 .debug_macro   0x00001189       0x17 src/main.o
 .debug_macro   0x000011a0       0x35 src/main.o
 .debug_macro   0x000011d5       0x9c src/main.o
 .debug_macro   0x00001271       0x16 src/main.o
 .debug_macro   0x00001287       0x97 src/main.o
 .debug_macro   0x0000131e      0x330 src/main.o
 .debug_macro   0x0000164e       0xfd src/main.o
 .debug_macro   0x0000174b       0x10 src/main.o
 .debug_macro   0x0000175b       0x58 src/main.o
 .debug_macro   0x000017b3       0x1f src/main.o
 .debug_macro   0x000017d2       0x43 src/main.o
 .debug_macro   0x00001815       0x20 src/main.o
 .debug_macro   0x00001835      0x18e src/main.o
 .debug_macro   0x000019c3       0x10 src/main.o
 .debug_macro   0x000019d3       0x1c src/main.o
 .debug_macro   0x000019ef       0x52 src/main.o
 .debug_macro   0x00001a41       0x40 src/main.o
 .debug_macro   0x00001a81       0x10 src/main.o
 .debug_macro   0x00001a91       0x40 src/main.o
 .debug_macro   0x00001ad1       0xd7 src/main.o
 .debug_macro   0x00001ba8       0x1c src/main.o
 .debug_macro   0x00001bc4       0x3d src/main.o
 .debug_macro   0x00001c01       0x16 src/main.o
 .debug_macro   0x00001c17      0x16f src/main.o
 .debug_macro   0x00001d86       0x16 src/main.o
 .debug_macro   0x00001d9c       0x35 src/main.o
 .debug_macro   0x00001dd1      0x174 src/system_stm32f0xx.o

.debug_line     0x00000000     0x282e
 .debug_line    0x00000000      0x6ab StdPeriph_Driver/src/stm32f0xx_gpio.o
 .debug_line    0x000006ab      0x8db StdPeriph_Driver/src/stm32f0xx_rcc.o
 .debug_line    0x00000f86      0x995 StdPeriph_Driver/src/stm32f0xx_usart.o
 .debug_line    0x0000191b      0x8d6 src/main.o
 .debug_line    0x000021f1      0x5bc src/system_stm32f0xx.o
 .debug_line    0x000027ad       0x81 startup/startup_stm32f0xx.o

.debug_str      0x00000000    0x3154b
 .debug_str     0x00000000    0x2bd66 StdPeriph_Driver/src/stm32f0xx_gpio.o
                              0x2bf19 (size before relaxing)
 .debug_str     0x0002bd66      0x619 StdPeriph_Driver/src/stm32f0xx_rcc.o
                              0x2c270 (size before relaxing)
 .debug_str     0x0002c37f      0x846 StdPeriph_Driver/src/stm32f0xx_usart.o
                              0x2c53e (size before relaxing)
 .debug_str     0x0002cbc5     0x48dd src/main.o
                              0x30869 (size before relaxing)
 .debug_str     0x000314a2       0x7b src/system_stm32f0xx.o
                              0x2bcf9 (size before relaxing)
 .debug_str     0x0003151d       0x2e startup/startup_stm32f0xx.o
                                 0x55 (size before relaxing)

.comment        0x00000000       0x7e
 .comment       0x00000000       0x7e StdPeriph_Driver/src/stm32f0xx_gpio.o
                                 0x7f (size before relaxing)
 .comment       0x0000007e       0x7f StdPeriph_Driver/src/stm32f0xx_rcc.o
 .comment       0x0000007e       0x7f StdPeriph_Driver/src/stm32f0xx_usart.o
 .comment       0x0000007e       0x7f src/main.o
 .comment       0x0000007e       0x7f src/system_stm32f0xx.o

.debug_frame    0x00000000     0x12d8
 .debug_frame   0x00000000      0x1b0 StdPeriph_Driver/src/stm32f0xx_gpio.o
 .debug_frame   0x000001b0      0x4e4 StdPeriph_Driver/src/stm32f0xx_rcc.o
 .debug_frame   0x00000694      0x650 StdPeriph_Driver/src/stm32f0xx_usart.o
 .debug_frame   0x00000ce4      0x168 src/main.o
 .debug_frame   0x00000e4c       0x6c src/system_stm32f0xx.o
 .debug_frame   0x00000eb8       0x20 d:/programming suites/ac6/plugins/fr.ac6.mcu.externaltools.arm-none.win32_1.16.0.201807130628/tools/compiler/bin/../lib/gcc/arm-none-eabi/7.2.1/thumb/v6-m\libgcc.a(_udivsi3.o)
 .debug_frame   0x00000ed8       0x2c d:/programming suites/ac6/plugins/fr.ac6.mcu.externaltools.arm-none.win32_1.16.0.201807130628/tools/compiler/bin/../lib/gcc/arm-none-eabi/7.2.1/thumb/v6-m\libgcc.a(_fixunsdfsi.o)
 .debug_frame   0x00000f04       0x3c d:/programming suites/ac6/plugins/fr.ac6.mcu.externaltools.arm-none.win32_1.16.0.201807130628/tools/compiler/bin/../lib/gcc/arm-none-eabi/7.2.1/thumb/v6-m\libgcc.a(divdf3.o)
 .debug_frame   0x00000f40       0x3c d:/programming suites/ac6/plugins/fr.ac6.mcu.externaltools.arm-none.win32_1.16.0.201807130628/tools/compiler/bin/../lib/gcc/arm-none-eabi/7.2.1/thumb/v6-m\libgcc.a(muldf3.o)
 .debug_frame   0x00000f7c       0x3c d:/programming suites/ac6/plugins/fr.ac6.mcu.externaltools.arm-none.win32_1.16.0.201807130628/tools/compiler/bin/../lib/gcc/arm-none-eabi/7.2.1/thumb/v6-m\libgcc.a(subdf3.o)
 .debug_frame   0x00000fb8       0x2c d:/programming suites/ac6/plugins/fr.ac6.mcu.externaltools.arm-none.win32_1.16.0.201807130628/tools/compiler/bin/../lib/gcc/arm-none-eabi/7.2.1/thumb/v6-m\libgcc.a(fixdfsi.o)
 .debug_frame   0x00000fe4       0x2c d:/programming suites/ac6/plugins/fr.ac6.mcu.externaltools.arm-none.win32_1.16.0.201807130628/tools/compiler/bin/../lib/gcc/arm-none-eabi/7.2.1/thumb/v6-m\libgcc.a(floatsidf.o)
 .debug_frame   0x00001010       0x38 d:/programming suites/ac6/plugins/fr.ac6.mcu.externaltools.arm-none.win32_1.16.0.201807130628/tools/compiler/bin/../lib/gcc/arm-none-eabi/7.2.1/thumb/v6-m\libgcc.a(eqdf2.o)
 .debug_frame   0x00001048       0x38 d:/programming suites/ac6/plugins/fr.ac6.mcu.externaltools.arm-none.win32_1.16.0.201807130628/tools/compiler/bin/../lib/gcc/arm-none-eabi/7.2.1/thumb/v6-m\libgcc.a(gedf2.o)
 .debug_frame   0x00001080       0x38 d:/programming suites/ac6/plugins/fr.ac6.mcu.externaltools.arm-none.win32_1.16.0.201807130628/tools/compiler/bin/../lib/gcc/arm-none-eabi/7.2.1/thumb/v6-m\libgcc.a(ledf2.o)
 .debug_frame   0x000010b8       0x2c d:/programming suites/ac6/plugins/fr.ac6.mcu.externaltools.arm-none.win32_1.16.0.201807130628/tools/compiler/bin/../lib/gcc/arm-none-eabi/7.2.1/../../../../arm-none-eabi/lib/thumb/v6-m\libc.a(lib_a-init.o)
 .debug_frame   0x000010e4       0x30 d:/programming suites/ac6/plugins/fr.ac6.mcu.externaltools.arm-none.win32_1.16.0.201807130628/tools/compiler/bin/../lib/gcc/arm-none-eabi/7.2.1/../../../../arm-none-eabi/lib/thumb/v6-m\libc.a(lib_a-memcpy-stub.o)
 .debug_frame   0x00001114       0x30 d:/programming suites/ac6/plugins/fr.ac6.mcu.externaltools.arm-none.win32_1.16.0.201807130628/tools/compiler/bin/../lib/gcc/arm-none-eabi/7.2.1/../../../../arm-none-eabi/lib/thumb/v6-m\libc.a(lib_a-memset.o)
 .debug_frame   0x00001144       0x54 d:/programming suites/ac6/plugins/fr.ac6.mcu.externaltools.arm-none.win32_1.16.0.201807130628/tools/compiler/bin/../lib/gcc/arm-none-eabi/7.2.1/../../../../arm-none-eabi/lib/thumb/v6-m\libc.a(lib_a-__call_atexit.o)
 .debug_frame   0x00001198       0x28 d:/programming suites/ac6/plugins/fr.ac6.mcu.externaltools.arm-none.win32_1.16.0.201807130628/tools/compiler/bin/../lib/gcc/arm-none-eabi/7.2.1/../../../../arm-none-eabi/lib/thumb/v6-m\libc.a(lib_a-atexit.o)
 .debug_frame   0x000011c0       0x2c d:/programming suites/ac6/plugins/fr.ac6.mcu.externaltools.arm-none.win32_1.16.0.201807130628/tools/compiler/bin/../lib/gcc/arm-none-eabi/7.2.1/../../../../arm-none-eabi/lib/thumb/v6-m\libc.a(lib_a-fini.o)
 .debug_frame   0x000011ec       0xb0 d:/programming suites/ac6/plugins/fr.ac6.mcu.externaltools.arm-none.win32_1.16.0.201807130628/tools/compiler/bin/../lib/gcc/arm-none-eabi/7.2.1/../../../../arm-none-eabi/lib/thumb/v6-m\libc.a(lib_a-lock.o)
 .debug_frame   0x0000129c       0x3c d:/programming suites/ac6/plugins/fr.ac6.mcu.externaltools.arm-none.win32_1.16.0.201807130628/tools/compiler/bin/../lib/gcc/arm-none-eabi/7.2.1/../../../../arm-none-eabi/lib/thumb/v6-m\libc.a(lib_a-__atexit.o)
